// Jest Snapshot v1, https://goo.gl/fbAQLP

exports[`kiwi-i18next-provider renders 1`] = `
<kiwi-i18next-provider>
  <!---->
</kiwi-i18next-provider>
`;
