// Jest Snapshot v1, https://goo.gl/fbAQLP

exports[`kiwi-navigation-shell renders children 1`] = `
<kiwi-navigation-shell>
  <!---->
  <div>
    My App
  </div>
</kiwi-navigation-shell>
`;
